// Jest Snapshot v1, https://goo.gl/fbAQLP

exports[`GroceryList Component renders component successfully 1`] = `
ShallowWrapper {
  Symbol(enzyme.__root__): [Circular],
  Symbol(enzyme.__unrendered__): <GroceryList
    addGrocery={[MockFunction]}
    buyGrocery={[MockFunction]}
    deleteGrocery={[MockFunction]}
    editGrocery={[MockFunction]}
    groceries={
      Array [
        Object {},
      ]
    }
    onShow={true}
  />,
  Symbol(enzyme.__renderer__): Object {
    "batchedUpdates": [Function],
    "getNode": [Function],
    "render": [Function],
    "simulateError": [Function],
    "simulateEvent": [Function],
    "unmount": [Function],
  },
  Symbol(enzyme.__node__): Object {
    "instance": null,
    "key": undefined,
    "nodeType": "host",
    "props": Object {
      "children": Array [
        <h1>
          Grocery Listing  
        </h1>,
        <div
          className="p-3 mb-2 bg-info text-white"
          style={
            Object {
              "float": "right",
              "padding": "2%",
            }
          }
        >
          <h4>
            <TotalPrice
              groceries={
                Array [
                  Object {},
                ]
              }
            />
          </h4>
        </div>,
        <GroceryTable
          addGrocery={[Function]}
          buyGrocery={[Function]}
          deleteGrocery={[Function]}
          groceries={
            Array [
              Object {},
            ]
          }
          onShow={[Function]}
        />,
        <GroceryModal
          addGrocery={[Function]}
          editGrocery={[Function]}
          errors={Object {}}
          grocery={Object {}}
          groceryName=""
          groceryPrice=""
          onHide={[Function]}
          show={false}
          updateDetails={[Function]}
        />,
        <button
          className="btn btn-lg btn-primary"
          onClick={[Function]}
        >
          Add Grocery
        </button>,
      ],
    },
    "ref": null,
    "rendered": Array [
      Object {
        "instance": null,
        "key": undefined,
        "nodeType": "host",
        "props": Object {
          "children": "Grocery Listing  ",
        },
        "ref": null,
        "rendered": "Grocery Listing  ",
        "type": "h1",
      },
      Object {
        "instance": null,
        "key": undefined,
        "nodeType": "host",
        "props": Object {
          "children": <h4>
            <TotalPrice
              groceries={
                Array [
                  Object {},
                ]
              }
            />
          </h4>,
          "className": "p-3 mb-2 bg-info text-white",
          "style": Object {
            "float": "right",
            "padding": "2%",
          },
        },
        "ref": null,
        "rendered": Object {
          "instance": null,
          "key": undefined,
          "nodeType": "host",
          "props": Object {
            "children": <TotalPrice
              groceries={
                Array [
                  Object {},
                ]
              }
            />,
          },
          "ref": null,
          "rendered": Object {
            "instance": null,
            "key": undefined,
            "nodeType": "function",
            "props": Object {
              "groceries": Array [
                Object {},
              ],
            },
            "ref": null,
            "rendered": null,
            "type": [Function],
          },
          "type": "h4",
        },
        "type": "div",
      },
      Object {
        "instance": null,
        "key": undefined,
        "nodeType": "function",
        "props": Object {
          "addGrocery": [Function],
          "buyGrocery": [Function],
          "deleteGrocery": [Function],
          "groceries": Array [
            Object {},
          ],
          "onShow": [Function],
        },
        "ref": null,
        "rendered": null,
        "type": [Function],
      },
      Object {
        "instance": null,
        "key": undefined,
        "nodeType": "function",
        "props": Object {
          "addGrocery": [Function],
          "editGrocery": [Function],
          "errors": Object {},
          "grocery": Object {},
          "groceryName": "",
          "groceryPrice": "",
          "onHide": [Function],
          "show": false,
          "updateDetails": [Function],
        },
        "ref": null,
        "rendered": null,
        "type": [Function],
      },
      Object {
        "instance": null,
        "key": undefined,
        "nodeType": "host",
        "props": Object {
          "children": "Add Grocery",
          "className": "btn btn-lg btn-primary",
          "onClick": [Function],
        },
        "ref": null,
        "rendered": "Add Grocery",
        "type": "button",
      },
    ],
    "type": "div",
  },
  Symbol(enzyme.__nodes__): Array [
    Object {
      "instance": null,
      "key": undefined,
      "nodeType": "host",
      "props": Object {
        "children": Array [
          <h1>
            Grocery Listing  
          </h1>,
          <div
            className="p-3 mb-2 bg-info text-white"
            style={
              Object {
                "float": "right",
                "padding": "2%",
              }
            }
          >
            <h4>
              <TotalPrice
                groceries={
                  Array [
                    Object {},
                  ]
                }
              />
            </h4>
          </div>,
          <GroceryTable
            addGrocery={[Function]}
            buyGrocery={[Function]}
            deleteGrocery={[Function]}
            groceries={
              Array [
                Object {},
              ]
            }
            onShow={[Function]}
          />,
          <GroceryModal
            addGrocery={[Function]}
            editGrocery={[Function]}
            errors={Object {}}
            grocery={Object {}}
            groceryName=""
            groceryPrice=""
            onHide={[Function]}
            show={false}
            updateDetails={[Function]}
          />,
          <button
            className="btn btn-lg btn-primary"
            onClick={[Function]}
          >
            Add Grocery
          </button>,
        ],
      },
      "ref": null,
      "rendered": Array [
        Object {
          "instance": null,
          "key": undefined,
          "nodeType": "host",
          "props": Object {
            "children": "Grocery Listing  ",
          },
          "ref": null,
          "rendered": "Grocery Listing  ",
          "type": "h1",
        },
        Object {
          "instance": null,
          "key": undefined,
          "nodeType": "host",
          "props": Object {
            "children": <h4>
              <TotalPrice
                groceries={
                  Array [
                    Object {},
                  ]
                }
              />
            </h4>,
            "className": "p-3 mb-2 bg-info text-white",
            "style": Object {
              "float": "right",
              "padding": "2%",
            },
          },
          "ref": null,
          "rendered": Object {
            "instance": null,
            "key": undefined,
            "nodeType": "host",
            "props": Object {
              "children": <TotalPrice
                groceries={
                  Array [
                    Object {},
                  ]
                }
              />,
            },
            "ref": null,
            "rendered": Object {
              "instance": null,
              "key": undefined,
              "nodeType": "function",
              "props": Object {
                "groceries": Array [
                  Object {},
                ],
              },
              "ref": null,
              "rendered": null,
              "type": [Function],
            },
            "type": "h4",
          },
          "type": "div",
        },
        Object {
          "instance": null,
          "key": undefined,
          "nodeType": "function",
          "props": Object {
            "addGrocery": [Function],
            "buyGrocery": [Function],
            "deleteGrocery": [Function],
            "groceries": Array [
              Object {},
            ],
            "onShow": [Function],
          },
          "ref": null,
          "rendered": null,
          "type": [Function],
        },
        Object {
          "instance": null,
          "key": undefined,
          "nodeType": "function",
          "props": Object {
            "addGrocery": [Function],
            "editGrocery": [Function],
            "errors": Object {},
            "grocery": Object {},
            "groceryName": "",
            "groceryPrice": "",
            "onHide": [Function],
            "show": false,
            "updateDetails": [Function],
          },
          "ref": null,
          "rendered": null,
          "type": [Function],
        },
        Object {
          "instance": null,
          "key": undefined,
          "nodeType": "host",
          "props": Object {
            "children": "Add Grocery",
            "className": "btn btn-lg btn-primary",
            "onClick": [Function],
          },
          "ref": null,
          "rendered": "Add Grocery",
          "type": "button",
        },
      ],
      "type": "div",
    },
  ],
  Symbol(enzyme.__options__): Object {
    "adapter": ReactSixteenAdapter {
      "options": Object {
        "enableComponentDidUpdateOnSetState": true,
        "lifecycles": Object {
          "componentDidUpdate": Object {
            "onSetState": true,
          },
          "getDerivedStateFromProps": true,
          "getSnapshotBeforeUpdate": true,
          "setState": Object {
            "skipsComponentDidUpdateOnNullish": true,
          },
        },
      },
    },
  },
}
`;
